// Jest Snapshot v1, https://goo.gl/fbAQLP

exports[`should render ExpenseListList correctly 1`] = `
<Link
  className="list-item"
  to="/edit/1"
>
  <div>
    <h3
      className="list-item__title"
    >
      Gum
    </h3>
    <span
      className="list-item__subtitle"
    >
      Jan 1st, 1970
    </span>
  </div>
  <h3
    className="list-item__amount"
  >
    $1.95
  </h3>
</Link>
`;
